2025-12-28 21:56:57 [main] INFO  c.a.nacos.client.utils.ParamUtil - [settings] [req-serv] nacos-server port:8848
2025-12-28 21:56:57 [Thread-1] INFO  c.a.n.c.a.r.i.CredentialWatcher - null No credential found
2025-12-28 21:56:57 [main] INFO  c.a.nacos.client.utils.ParamUtil - [settings] [http-client] connect timeout:1000
2025-12-28 21:56:57 [main] INFO  c.a.nacos.client.utils.ParamUtil - PER_TASK_CONFIG_SIZE: 3000.0
2025-12-28 21:56:57 [main] INFO  com.alibaba.nacos.common.labels - DefaultLabelsCollectorManager get labels.....
2025-12-28 21:56:57 [main] INFO  com.alibaba.nacos.common.labels - Process LabelsCollector with [name:defaultNacosLabelsCollector]
2025-12-28 21:56:57 [main] INFO  com.alibaba.nacos.common.labels - default nacos collect properties raw labels: null
2025-12-28 21:56:57 [main] INFO  com.alibaba.nacos.common.labels - default nacos collect properties labels: {}
2025-12-28 21:56:57 [main] INFO  com.alibaba.nacos.common.labels - default nacos collect jvm raw labels: null
2025-12-28 21:56:57 [main] INFO  com.alibaba.nacos.common.labels - default nacos collect jvm labels: {}
2025-12-28 21:56:57 [main] INFO  com.alibaba.nacos.common.labels - default nacos collect env raw labels: null
2025-12-28 21:56:57 [main] INFO  com.alibaba.nacos.common.labels - default nacos collect env labels: {}
2025-12-28 21:56:57 [main] INFO  com.alibaba.nacos.common.labels - DefaultLabelsCollectorManager get labels finished,labels :{}
2025-12-28 21:56:57 [main] INFO  c.a.n.p.a.s.c.ClientAuthPluginManager - [ClientAuthPluginManager] Load ClientAuthService com.alibaba.nacos.client.auth.impl.NacosClientAuthServiceImpl success.
2025-12-28 21:56:57 [main] INFO  c.a.n.p.a.s.c.ClientAuthPluginManager - [ClientAuthPluginManager] Load ClientAuthService com.alibaba.nacos.client.auth.ram.RamClientAuthServiceImpl success.
2025-12-28 21:56:58 [main] INFO  c.a.n.c.c.i.LocalConfigInfoProcessor - LOCAL_SNAPSHOT_PATH:C:\Users\24148\nacos\config
2025-12-28 21:56:58 [main] INFO  c.alibaba.nacos.common.remote.client - [RpcClientFactory] create a new rpc client of c0ffbce3-3615-487b-9ca5-267599a9b29e_config-0
2025-12-28 21:56:58 [main] INFO  c.alibaba.nacos.common.remote.client - [c0ffbce3-3615-487b-9ca5-267599a9b29e_config-0] Register server push request handler:com.alibaba.nacos.client.config.impl.ClientWorker$ConfigRpcTransportClient$$Lambda$543/0x0000000800ecf758
2025-12-28 21:56:58 [main] INFO  c.alibaba.nacos.common.remote.client - [c0ffbce3-3615-487b-9ca5-267599a9b29e_config-0] Register server push request handler:com.alibaba.nacos.client.config.impl.ClientWorker$ConfigRpcTransportClient$$Lambda$544/0x0000000800ecfb78
2025-12-28 21:56:58 [main] INFO  c.alibaba.nacos.common.remote.client - [c0ffbce3-3615-487b-9ca5-267599a9b29e_config-0] Registry connection listener to current client:com.alibaba.nacos.client.config.impl.ClientWorker$ConfigRpcTransportClient$1
2025-12-28 21:56:58 [main] INFO  c.alibaba.nacos.common.remote.client - [c0ffbce3-3615-487b-9ca5-267599a9b29e_config-0] RpcClient init, ServerListFactory = com.alibaba.nacos.client.config.impl.ClientWorker$ConfigRpcTransportClient$2
2025-12-28 21:56:58 [main] INFO  c.alibaba.nacos.common.remote.client - [c0ffbce3-3615-487b-9ca5-267599a9b29e_config-0] Try to connect to server on start up, server: {serverIp = '127.0.0.1', server main port = 8848}
2025-12-28 21:56:58 [main] INFO  c.a.n.c.r.client.grpc.GrpcClient - grpc client connection server:127.0.0.1 ip,serverPort:9848,grpcTslConfig:{"sslProvider":"","enableTls":false,"mutualAuthEnable":false,"trustAll":false}
2025-12-28 21:56:59 [main] INFO  c.a.n.c.a.AbstractAbilityControlManager - Ready to get current node abilities...
2025-12-28 21:56:59 [main] INFO  c.a.n.c.a.AbstractAbilityControlManager - Ready to initialize current node abilities, support modes: [SDK_CLIENT]
2025-12-28 21:56:59 [main] INFO  c.a.n.c.a.AbstractAbilityControlManager - Initialize current abilities finish...
2025-12-28 21:56:59 [main] INFO  c.a.n.c.a.d.NacosAbilityManagerHolder - [AbilityControlManager] Successfully initialize AbilityControlManager
2025-12-28 21:56:59 [main] INFO  c.alibaba.nacos.common.remote.client - [c0ffbce3-3615-487b-9ca5-267599a9b29e_config-0] Success to connect to server [127.0.0.1:8848] on start up, connectionId = 1766930219297_127.0.0.1_53457
2025-12-28 21:56:59 [com.alibaba.nacos.client.remote.worker.0] INFO  c.alibaba.nacos.common.remote.client - [c0ffbce3-3615-487b-9ca5-267599a9b29e_config-0] Notify connected event to listeners.
2025-12-28 21:56:59 [main] INFO  c.alibaba.nacos.common.remote.client - [c0ffbce3-3615-487b-9ca5-267599a9b29e_config-0] Register server push request handler:com.alibaba.nacos.common.remote.client.RpcClient$ConnectResetRequestHandler
2025-12-28 21:56:59 [com.alibaba.nacos.client.remote.worker.0] INFO  c.a.n.c.config.impl.ClientWorker - [c0ffbce3-3615-487b-9ca5-267599a9b29e_config-0] Connected,notify listen context...
2025-12-28 21:56:59 [main] INFO  c.alibaba.nacos.common.remote.client - [c0ffbce3-3615-487b-9ca5-267599a9b29e_config-0] Register server push request handler:com.alibaba.nacos.common.remote.client.RpcClient$$Lambda$566/0x000000080105ec88
2025-12-28 21:56:59 [main] INFO  c.a.nacos.client.config.impl.Limiter - limitTime:5.0
2025-12-28 21:56:59 [main] WARN  c.a.c.n.c.NacosPropertySourceBuilder - Ignore the empty nacos configuration and get it based on dataId[admin-service] & group[DEFAULT_GROUP]
2025-12-28 21:56:59 [main] WARN  c.a.c.n.c.NacosPropertySourceBuilder - Ignore the empty nacos configuration and get it based on dataId[admin-service.properties] & group[DEFAULT_GROUP]
2025-12-28 21:56:59 [main] INFO  o.s.c.b.c.PropertySourceBootstrapConfiguration - Located property source: [BootstrapPropertySource {name='bootstrapProperties-admin-service.properties,DEFAULT_GROUP'}, BootstrapPropertySource {name='bootstrapProperties-admin-service,DEFAULT_GROUP'}]
2025-12-28 21:56:59 [main] INFO  com.example.admin.AdminApplication - No active profile set, falling back to 1 default profile: "default"
2025-12-28 21:57:00 [main] INFO  o.s.cloud.context.scope.GenericScope - BeanFactory id=18100dad-f4d7-398b-bf00-9d5e4050ce55
2025-12-28 21:57:00 [main] WARN  o.s.c.s.PostProcessorRegistrationDelegate$BeanPostProcessorChecker - Bean 'org.springframework.cloud.client.loadbalancer.LoadBalancerAutoConfiguration$LoadBalancerInterceptorConfig' of type [org.springframework.cloud.client.loadbalancer.LoadBalancerAutoConfiguration$LoadBalancerInterceptorConfig] is not eligible for getting processed by all BeanPostProcessors (for example: not eligible for auto-proxying). The currently created BeanPostProcessor [lbRestClientPostProcessor] is declared through a non-static factory method on that class; consider declaring it as static instead.
2025-12-28 21:57:00 [main] WARN  o.s.c.s.PostProcessorRegistrationDelegate$BeanPostProcessorChecker - Bean 'org.springframework.cloud.loadbalancer.config.BlockingLoadBalancerClientAutoConfiguration' of type [org.springframework.cloud.loadbalancer.config.BlockingLoadBalancerClientAutoConfiguration] is not eligible for getting processed by all BeanPostProcessors (for example: not eligible for auto-proxying). Is this bean getting eagerly injected into a currently created BeanPostProcessor [lbRestClientPostProcessor]? Check the corresponding BeanPostProcessor declaration and its dependencies.
2025-12-28 21:57:00 [main] WARN  o.s.c.s.PostProcessorRegistrationDelegate$BeanPostProcessorChecker - Bean 'org.springframework.cloud.loadbalancer.config.LoadBalancerAutoConfiguration' of type [org.springframework.cloud.loadbalancer.config.LoadBalancerAutoConfiguration] is not eligible for getting processed by all BeanPostProcessors (for example: not eligible for auto-proxying). Is this bean getting eagerly injected into a currently created BeanPostProcessor [lbRestClientPostProcessor]? Check the corresponding BeanPostProcessor declaration and its dependencies.
2025-12-28 21:57:00 [main] WARN  o.s.c.s.PostProcessorRegistrationDelegate$BeanPostProcessorChecker - Bean 'org.springframework.cloud.commons.config.CommonsConfigAutoConfiguration' of type [org.springframework.cloud.commons.config.CommonsConfigAutoConfiguration] is not eligible for getting processed by all BeanPostProcessors (for example: not eligible for auto-proxying). Is this bean getting eagerly injected into a currently created BeanPostProcessor [lbRestClientPostProcessor]? Check the corresponding BeanPostProcessor declaration and its dependencies.
2025-12-28 21:57:00 [main] WARN  o.s.c.s.PostProcessorRegistrationDelegate$BeanPostProcessorChecker - Bean 'org.springframework.cloud.client.loadbalancer.LoadBalancerDefaultMappingsProviderAutoConfiguration' of type [org.springframework.cloud.client.loadbalancer.LoadBalancerDefaultMappingsProviderAutoConfiguration] is not eligible for getting processed by all BeanPostProcessors (for example: not eligible for auto-proxying). Is this bean getting eagerly injected into a currently created BeanPostProcessor [lbRestClientPostProcessor]? Check the corresponding BeanPostProcessor declaration and its dependencies.
2025-12-28 21:57:00 [main] WARN  o.s.c.s.PostProcessorRegistrationDelegate$BeanPostProcessorChecker - Bean 'loadBalancerClientsDefaultsMappingsProvider' of type [org.springframework.cloud.client.loadbalancer.LoadBalancerDefaultMappingsProviderAutoConfiguration$$Lambda$703/0x00000008011dc5a8] is not eligible for getting processed by all BeanPostProcessors (for example: not eligible for auto-proxying). Is this bean getting eagerly injected into a currently created BeanPostProcessor [lbRestClientPostProcessor]? Check the corresponding BeanPostProcessor declaration and its dependencies.
2025-12-28 21:57:00 [main] WARN  o.s.c.s.PostProcessorRegistrationDelegate$BeanPostProcessorChecker - Bean 'defaultsBindHandlerAdvisor' of type [org.springframework.cloud.commons.config.DefaultsBindHandlerAdvisor] is not eligible for getting processed by all BeanPostProcessors (for example: not eligible for auto-proxying). Is this bean getting eagerly injected into a currently created BeanPostProcessor [lbRestClientPostProcessor]? Check the corresponding BeanPostProcessor declaration and its dependencies.
2025-12-28 21:57:00 [main] WARN  o.s.c.s.PostProcessorRegistrationDelegate$BeanPostProcessorChecker - Bean 'spring.cloud.loadbalancer-org.springframework.cloud.client.loadbalancer.LoadBalancerClientsProperties' of type [org.springframework.cloud.client.loadbalancer.LoadBalancerClientsProperties] is not eligible for getting processed by all BeanPostProcessors (for example: not eligible for auto-proxying). Is this bean getting eagerly injected into a currently created BeanPostProcessor [lbRestClientPostProcessor]? Check the corresponding BeanPostProcessor declaration and its dependencies.
2025-12-28 21:57:00 [main] WARN  o.s.c.s.PostProcessorRegistrationDelegate$BeanPostProcessorChecker - Bean 'default.org.springframework.cloud.loadbalancer.config.LoadBalancerAutoConfiguration.LoadBalancerClientSpecification' of type [org.springframework.cloud.loadbalancer.annotation.LoadBalancerClientSpecification] is not eligible for getting processed by all BeanPostProcessors (for example: not eligible for auto-proxying). Is this bean getting eagerly injected into a currently created BeanPostProcessor [lbRestClientPostProcessor]? Check the corresponding BeanPostProcessor declaration and its dependencies.
2025-12-28 21:57:00 [main] WARN  o.s.c.s.PostProcessorRegistrationDelegate$BeanPostProcessorChecker - Bean 'default.org.springframework.cloud.loadbalancer.config.BlockingLoadBalancerClientAutoConfiguration.LoadBalancerClientSpecification' of type [org.springframework.cloud.loadbalancer.annotation.LoadBalancerClientSpecification] is not eligible for getting processed by all BeanPostProcessors (for example: not eligible for auto-proxying). Is this bean getting eagerly injected into a currently created BeanPostProcessor [lbRestClientPostProcessor]? Check the corresponding BeanPostProcessor declaration and its dependencies.
2025-12-28 21:57:00 [main] WARN  o.s.c.s.PostProcessorRegistrationDelegate$BeanPostProcessorChecker - Bean 'loadBalancerClientFactory' of type [org.springframework.cloud.loadbalancer.support.LoadBalancerClientFactory] is not eligible for getting processed by all BeanPostProcessors (for example: not eligible for auto-proxying). Is this bean getting eagerly injected into a currently created BeanPostProcessor [lbRestClientPostProcessor]? Check the corresponding BeanPostProcessor declaration and its dependencies.
2025-12-28 21:57:00 [main] WARN  o.s.c.s.PostProcessorRegistrationDelegate$BeanPostProcessorChecker - Bean 'blockingLoadBalancerClient' of type [org.springframework.cloud.loadbalancer.blocking.client.BlockingLoadBalancerClient] is not eligible for getting processed by all BeanPostProcessors (for example: not eligible for auto-proxying). Is this bean getting eagerly injected into a currently created BeanPostProcessor [lbRestClientPostProcessor]? Check the corresponding BeanPostProcessor declaration and its dependencies.
2025-12-28 21:57:00 [main] WARN  o.s.c.s.PostProcessorRegistrationDelegate$BeanPostProcessorChecker - Bean 'loadBalancerServiceInstanceCookieTransformer' of type [org.springframework.cloud.loadbalancer.core.LoadBalancerServiceInstanceCookieTransformer] is not eligible for getting processed by all BeanPostProcessors (for example: not eligible for auto-proxying). Is this bean getting eagerly injected into a currently created BeanPostProcessor [lbRestClientPostProcessor]? Check the corresponding BeanPostProcessor declaration and its dependencies.
2025-12-28 21:57:00 [main] WARN  o.s.c.s.PostProcessorRegistrationDelegate$BeanPostProcessorChecker - Bean 'xForwarderHeadersTransformer' of type [org.springframework.cloud.loadbalancer.blocking.XForwardedHeadersTransformer] is not eligible for getting processed by all BeanPostProcessors (for example: not eligible for auto-proxying). Is this bean getting eagerly injected into a currently created BeanPostProcessor [lbRestClientPostProcessor]? Check the corresponding BeanPostProcessor declaration and its dependencies.
2025-12-28 21:57:00 [main] WARN  o.s.c.s.PostProcessorRegistrationDelegate$BeanPostProcessorChecker - Bean 'org.springframework.cloud.client.loadbalancer.LoadBalancerAutoConfiguration' of type [org.springframework.cloud.client.loadbalancer.LoadBalancerAutoConfiguration] is not eligible for getting processed by all BeanPostProcessors (for example: not eligible for auto-proxying). Is this bean getting eagerly injected into a currently created BeanPostProcessor [lbRestClientPostProcessor]? Check the corresponding BeanPostProcessor declaration and its dependencies.
2025-12-28 21:57:00 [main] WARN  o.s.c.s.PostProcessorRegistrationDelegate$BeanPostProcessorChecker - Bean 'loadBalancerRequestFactory' of type [org.springframework.cloud.client.loadbalancer.LoadBalancerRequestFactory] is not eligible for getting processed by all BeanPostProcessors (for example: not eligible for auto-proxying). Is this bean getting eagerly injected into a currently created BeanPostProcessor [lbRestClientPostProcessor]? Check the corresponding BeanPostProcessor declaration and its dependencies.
2025-12-28 21:57:00 [main] WARN  o.s.c.s.PostProcessorRegistrationDelegate$BeanPostProcessorChecker - Bean 'loadBalancerInterceptor' of type [org.springframework.cloud.client.loadbalancer.LoadBalancerInterceptor] is not eligible for getting processed by all BeanPostProcessors (for example: not eligible for auto-proxying). Is this bean getting eagerly injected into a currently created BeanPostProcessor [lbRestClientPostProcessor]? Check the corresponding BeanPostProcessor declaration and its dependencies.
2025-12-28 21:57:01 [main] INFO  o.s.b.w.e.tomcat.TomcatWebServer - Tomcat initialized with port 0 (http)
2025-12-28 21:57:01 [main] INFO  o.a.coyote.http11.Http11NioProtocol - Initializing ProtocolHandler ["http-nio-auto-1"]
2025-12-28 21:57:01 [main] INFO  o.a.catalina.core.StandardService - Starting service [Tomcat]
2025-12-28 21:57:01 [main] INFO  o.a.catalina.core.StandardEngine - Starting Servlet engine: [Apache Tomcat/10.1.16]
2025-12-28 21:57:01 [main] INFO  o.a.c.c.C.[Tomcat].[localhost].[/] - Initializing Spring embedded WebApplicationContext
2025-12-28 21:57:01 [main] INFO  o.s.b.w.s.c.ServletWebServerApplicationContext - Root WebApplicationContext: initialization completed in 1827 ms
2025-12-28 21:57:01 [main] TRACE o.s.s.c.a.a.c.AuthenticationConfiguration$EnableGlobalAuthenticationAutowiredConfigurer - Eagerly initializing {securityConfig=com.example.common.config.SecurityConfig$$SpringCGLIB$$0@54e18a46}
2025-12-28 21:57:01 [main] WARN  o.s.b.a.s.s.UserDetailsServiceAutoConfiguration - 

Using generated security password: 5b37d8e5-533b-4e09-b092-e6ee75f05b47

This generated password is for development use only. Your security configuration must be updated before running your application in production.

2025-12-28 21:57:02 [main] INFO  o.s.s.web.DefaultSecurityFilterChain - Will secure any request with [org.springframework.security.web.session.DisableEncodeUrlFilter@4219a4cc, org.springframework.security.web.context.request.async.WebAsyncManagerIntegrationFilter@2dbb8da0, org.springframework.security.web.context.SecurityContextHolderFilter@593f7d2e, org.springframework.security.web.header.HeaderWriterFilter@46b2a11a, org.springframework.web.filter.CorsFilter@3130ca39, org.springframework.security.web.authentication.logout.LogoutFilter@2c224096, org.springframework.security.web.savedrequest.RequestCacheAwareFilter@59282dc6, org.springframework.security.web.servletapi.SecurityContextHolderAwareRequestFilter@603b9d4b, org.springframework.security.web.authentication.AnonymousAuthenticationFilter@17fb5184, org.springframework.security.web.session.SessionManagementFilter@1d3546f9, org.springframework.security.web.access.ExceptionTranslationFilter@7a0d2c80, org.springframework.security.web.access.intercept.AuthorizationFilter@5cf80dfb]
2025-12-28 21:57:03 [main] WARN  o.s.c.l.c.LoadBalancerCacheAutoConfiguration$LoadBalancerCaffeineWarnLogger - Spring Cloud LoadBalancer is currently working with the default cache. While this cache implementation is useful for development and tests, it's recommended to use Caffeine cache in production.You can switch to using Caffeine cache, by adding it and org.springframework.cache.caffeine.CaffeineCacheManager to the classpath.
2025-12-28 21:57:03 [main] INFO  o.a.coyote.http11.Http11NioProtocol - Starting ProtocolHandler ["http-nio-auto-1"]
2025-12-28 21:57:03 [main] INFO  o.s.b.w.e.tomcat.TomcatWebServer - Tomcat started on port 53501 (http) with context path ''
2025-12-28 21:57:03 [main] INFO  com.alibaba.nacos.client.naming - initializer namespace from ans.namespace attribute : null
2025-12-28 21:57:03 [main] INFO  com.alibaba.nacos.client.naming - initializer namespace from ALIBABA_ALIWARE_NAMESPACE attribute :null
2025-12-28 21:57:03 [main] INFO  com.alibaba.nacos.client.naming - initializer namespace from namespace attribute :null
2025-12-28 21:57:03 [main] INFO  com.alibaba.nacos.client.naming - FailoverDataSource type is class com.alibaba.nacos.client.naming.backups.datasource.DiskFailoverDataSource
2025-12-28 21:57:03 [main] INFO  c.a.n.p.a.s.c.ClientAuthPluginManager - [ClientAuthPluginManager] Load ClientAuthService com.alibaba.nacos.client.auth.impl.NacosClientAuthServiceImpl success.
2025-12-28 21:57:03 [main] INFO  c.a.n.p.a.s.c.ClientAuthPluginManager - [ClientAuthPluginManager] Load ClientAuthService com.alibaba.nacos.client.auth.ram.RamClientAuthServiceImpl success.
2025-12-28 21:57:03 [main] INFO  c.alibaba.nacos.common.remote.client - [RpcClientFactory] create a new rpc client of d0608575-cee7-4047-af55-8d5f79229153
2025-12-28 21:57:03 [main] INFO  com.alibaba.nacos.client.naming - Create naming rpc client for uuid->d0608575-cee7-4047-af55-8d5f79229153
2025-12-28 21:57:03 [main] INFO  c.alibaba.nacos.common.remote.client - [d0608575-cee7-4047-af55-8d5f79229153] RpcClient init, ServerListFactory = com.alibaba.nacos.client.naming.core.ServerListManager
2025-12-28 21:57:03 [main] INFO  c.alibaba.nacos.common.remote.client - [d0608575-cee7-4047-af55-8d5f79229153] Registry connection listener to current client:com.alibaba.nacos.client.naming.remote.gprc.redo.NamingGrpcRedoService
2025-12-28 21:57:03 [main] INFO  c.alibaba.nacos.common.remote.client - [d0608575-cee7-4047-af55-8d5f79229153] Register server push request handler:com.alibaba.nacos.client.naming.remote.gprc.NamingPushRequestHandler
2025-12-28 21:57:03 [main] INFO  c.alibaba.nacos.common.remote.client - [d0608575-cee7-4047-af55-8d5f79229153] Try to connect to server on start up, server: {serverIp = '127.0.0.1', server main port = 8848}
2025-12-28 21:57:03 [main] INFO  c.a.n.c.r.client.grpc.GrpcClient - grpc client connection server:127.0.0.1 ip,serverPort:9848,grpcTslConfig:{"sslProvider":"","enableTls":false,"mutualAuthEnable":false,"trustAll":false}
2025-12-28 21:57:03 [main] INFO  c.alibaba.nacos.common.remote.client - [d0608575-cee7-4047-af55-8d5f79229153] Success to connect to server [127.0.0.1:8848] on start up, connectionId = 1766930223363_127.0.0.1_53502
2025-12-28 21:57:03 [main] INFO  c.alibaba.nacos.common.remote.client - [d0608575-cee7-4047-af55-8d5f79229153] Register server push request handler:com.alibaba.nacos.common.remote.client.RpcClient$ConnectResetRequestHandler
2025-12-28 21:57:03 [com.alibaba.nacos.client.remote.worker.0] INFO  c.alibaba.nacos.common.remote.client - [d0608575-cee7-4047-af55-8d5f79229153] Notify connected event to listeners.
2025-12-28 21:57:03 [main] INFO  c.alibaba.nacos.common.remote.client - [d0608575-cee7-4047-af55-8d5f79229153] Register server push request handler:com.alibaba.nacos.common.remote.client.RpcClient$$Lambda$566/0x000000080105ec88
2025-12-28 21:57:03 [com.alibaba.nacos.client.remote.worker.0] INFO  com.alibaba.nacos.client.naming - Grpc connection connect
2025-12-28 21:57:03 [main] INFO  com.alibaba.nacos.client.naming - [REGISTER-SERVICE] public registering service admin-service with instance Instance{instanceId='null', ip='192.168.183.1', port=53501, weight=1.0, healthy=true, enabled=true, ephemeral=true, clusterName='DEFAULT', serviceName='null', metadata={IPv6=[2001:da8:d002:b001:0:3d:6c1f:33db], preserved.register.source=SPRING_CLOUD}}
2025-12-28 21:57:03 [main] INFO  c.a.c.n.r.NacosServiceRegistry - nacos registry, DEFAULT_GROUP admin-service 192.168.183.1:53501 register finished
2025-12-28 21:57:03 [main] INFO  com.example.admin.AdminApplication - Started AdminApplication in 7.434 seconds (process running for 7.934)
2025-12-28 21:57:03 [main] INFO  c.a.n.client.config.impl.CacheData - config listener notify warn timeout millis use default 60000 millis 
2025-12-28 21:57:03 [main] INFO  c.a.n.client.config.impl.CacheData - nacos.cache.data.init.snapshot = true 
2025-12-28 21:57:03 [main] INFO  c.a.n.c.config.impl.ClientWorker - [fixed-127.0.0.1_8848] [subscribe] admin-service.properties+DEFAULT_GROUP
2025-12-28 21:57:03 [main] INFO  c.a.n.client.config.impl.CacheData - [fixed-127.0.0.1_8848] [add-listener] ok, tenant=, dataId=admin-service.properties, group=DEFAULT_GROUP, cnt=1
2025-12-28 21:57:03 [main] INFO  c.a.c.n.r.NacosContextRefresher - [Nacos Config] Listening config: dataId=admin-service.properties, group=DEFAULT_GROUP
2025-12-28 21:57:03 [main] INFO  c.a.n.c.config.impl.ClientWorker - [fixed-127.0.0.1_8848] [subscribe] admin-service+DEFAULT_GROUP
2025-12-28 21:57:03 [main] INFO  c.a.n.client.config.impl.CacheData - [fixed-127.0.0.1_8848] [add-listener] ok, tenant=, dataId=admin-service, group=DEFAULT_GROUP, cnt=1
2025-12-28 21:57:03 [main] INFO  c.a.c.n.r.NacosContextRefresher - [Nacos Config] Listening config: dataId=admin-service, group=DEFAULT_GROUP
2025-12-28 21:58:13 [Thread-5] WARN  c.a.nacos.common.notify.NotifyCenter - [NotifyCenter] Start destroying Publisher
2025-12-28 21:58:13 [Thread-2] WARN  c.a.n.c.http.HttpClientBeanHolder - [HttpClientBeanHolder] Start destroying common HttpClient
2025-12-28 21:58:13 [Thread-5] WARN  c.a.nacos.common.notify.NotifyCenter - [NotifyCenter] Destruction of the end
2025-12-28 21:58:13 [Thread-2] WARN  c.a.n.c.http.HttpClientBeanHolder - [HttpClientBeanHolder] Destruction of the end
2025-12-28 21:58:13 [SpringApplicationShutdownHook] INFO  c.a.c.n.r.NacosServiceRegistry - De-registering from Nacos Server now...
2025-12-28 21:58:13 [SpringApplicationShutdownHook] INFO  com.alibaba.nacos.client.naming - [DEREGISTER-SERVICE] public deregistering service admin-service with instance: Instance{instanceId='null', ip='192.168.183.1', port=53501, weight=1.0, healthy=true, enabled=true, ephemeral=true, clusterName='DEFAULT', serviceName='null', metadata={}}
2025-12-28 21:58:13 [SpringApplicationShutdownHook] INFO  c.a.c.n.r.NacosServiceRegistry - De-registration finished.
2025-12-28 21:58:13 [SpringApplicationShutdownHook] INFO  com.alibaba.nacos.client.naming - com.alibaba.nacos.client.naming.cache.ServiceInfoHolder do shutdown begin
2025-12-28 21:58:13 [SpringApplicationShutdownHook] INFO  com.alibaba.nacos.client.naming - com.alibaba.nacos.client.naming.backups.FailoverReactor do shutdown begin
2025-12-28 21:58:13 [SpringApplicationShutdownHook] INFO  com.alibaba.nacos.client.naming - com.alibaba.nacos.client.naming.backups.FailoverReactor do shutdown stop
2025-12-28 21:58:13 [SpringApplicationShutdownHook] INFO  com.alibaba.nacos.client.naming - com.alibaba.nacos.client.naming.cache.ServiceInfoHolder do shutdown stop
2025-12-28 21:58:13 [SpringApplicationShutdownHook] INFO  com.alibaba.nacos.client.naming - com.alibaba.nacos.client.naming.remote.NamingClientProxyDelegate do shutdown begin
2025-12-28 21:58:13 [SpringApplicationShutdownHook] INFO  com.alibaba.nacos.client.naming - com.alibaba.nacos.client.naming.core.ServiceInfoUpdateService do shutdown begin
2025-12-28 21:58:13 [SpringApplicationShutdownHook] INFO  com.alibaba.nacos.client.naming - com.alibaba.nacos.client.naming.core.ServiceInfoUpdateService do shutdown stop
2025-12-28 21:58:13 [SpringApplicationShutdownHook] INFO  com.alibaba.nacos.client.naming - com.alibaba.nacos.client.naming.core.ServerListManager do shutdown begin
2025-12-28 21:58:13 [SpringApplicationShutdownHook] WARN  com.alibaba.nacos.client.naming - [NamingHttpClientManager] Start destroying NacosRestTemplate
2025-12-28 21:58:13 [SpringApplicationShutdownHook] WARN  com.alibaba.nacos.client.naming - [NamingHttpClientManager] Destruction of the end
2025-12-28 21:58:13 [SpringApplicationShutdownHook] INFO  com.alibaba.nacos.client.naming - com.alibaba.nacos.client.naming.core.ServerListManager do shutdown stop
2025-12-28 21:58:13 [SpringApplicationShutdownHook] INFO  com.alibaba.nacos.client.naming - com.alibaba.nacos.client.naming.remote.http.NamingHttpClientProxy do shutdown begin
2025-12-28 21:58:13 [SpringApplicationShutdownHook] WARN  com.alibaba.nacos.client.naming - [NamingHttpClientManager] Start destroying NacosRestTemplate
2025-12-28 21:58:13 [SpringApplicationShutdownHook] WARN  com.alibaba.nacos.client.naming - [NamingHttpClientManager] Destruction of the end
2025-12-28 21:58:13 [SpringApplicationShutdownHook] INFO  com.alibaba.nacos.client.naming - com.alibaba.nacos.client.naming.remote.http.NamingHttpClientProxy do shutdown stop
2025-12-28 21:58:13 [SpringApplicationShutdownHook] INFO  com.alibaba.nacos.client.naming - Shutdown naming grpc client proxy for  uuid->d0608575-cee7-4047-af55-8d5f79229153
2025-12-28 21:58:13 [SpringApplicationShutdownHook] INFO  com.alibaba.nacos.client.naming - Shutdown grpc redo service executor java.util.concurrent.ScheduledThreadPoolExecutor@4bc20c99[Running, pool size = 1, active threads = 0, queued tasks = 1, completed tasks = 23]
2025-12-28 21:58:13 [SpringApplicationShutdownHook] INFO  c.alibaba.nacos.common.remote.client - Shutdown rpc client, set status to shutdown
2025-12-28 21:58:13 [SpringApplicationShutdownHook] INFO  c.alibaba.nacos.common.remote.client - Shutdown client event executor java.util.concurrent.ScheduledThreadPoolExecutor@82119df[Running, pool size = 2, active threads = 2, queued tasks = 0, completed tasks = 0]
2025-12-28 21:58:13 [SpringApplicationShutdownHook] INFO  c.alibaba.nacos.common.remote.client - Close current connection 1766930223363_127.0.0.1_53502
2025-12-28 21:58:13 [nacos-grpc-client-executor-127.0.0.1-24] INFO  c.a.n.c.r.client.grpc.GrpcClient - [1766930223363_127.0.0.1_53502]Ignore complete event,isRunning:false,isAbandon=false
2025-12-28 21:58:13 [SpringApplicationShutdownHook] INFO  c.a.n.c.r.client.grpc.GrpcClient - Shutdown grpc executor java.util.concurrent.ThreadPoolExecutor@58f1321c[Running, pool size = 4, active threads = 0, queued tasks = 0, completed tasks = 25]
2025-12-28 21:58:13 [SpringApplicationShutdownHook] INFO  com.alibaba.nacos.client.naming - shutdown and remove naming rpc client  for uuid ->d0608575-cee7-4047-af55-8d5f79229153
2025-12-28 21:58:13 [SpringApplicationShutdownHook] INFO  c.a.n.c.a.r.i.CredentialWatcher - [null] CredentialWatcher is stopped
2025-12-28 21:58:13 [SpringApplicationShutdownHook] INFO  c.a.n.c.a.r.i.CredentialService - [null] CredentialService is freed
2025-12-28 21:58:13 [SpringApplicationShutdownHook] INFO  com.alibaba.nacos.client.naming - com.alibaba.nacos.client.naming.remote.NamingClientProxyDelegate do shutdown stop
