2025-12-28 21:52:32 [main] INFO  c.a.nacos.client.utils.ParamUtil - [settings] [req-serv] nacos-server port:8848
2025-12-28 21:52:32 [main] INFO  c.a.nacos.client.utils.ParamUtil - [settings] [http-client] connect timeout:1000
2025-12-28 21:52:32 [Thread-1] INFO  c.a.n.c.a.r.i.CredentialWatcher - null No credential found
2025-12-28 21:52:32 [main] INFO  c.a.nacos.client.utils.ParamUtil - PER_TASK_CONFIG_SIZE: 3000.0
2025-12-28 21:52:33 [main] INFO  com.alibaba.nacos.common.labels - DefaultLabelsCollectorManager get labels.....
2025-12-28 21:52:33 [main] INFO  com.alibaba.nacos.common.labels - Process LabelsCollector with [name:defaultNacosLabelsCollector]
2025-12-28 21:52:33 [main] INFO  com.alibaba.nacos.common.labels - default nacos collect properties raw labels: null
2025-12-28 21:52:33 [main] INFO  com.alibaba.nacos.common.labels - default nacos collect properties labels: {}
2025-12-28 21:52:33 [main] INFO  com.alibaba.nacos.common.labels - default nacos collect jvm raw labels: null
2025-12-28 21:52:33 [main] INFO  com.alibaba.nacos.common.labels - default nacos collect jvm labels: {}
2025-12-28 21:52:33 [main] INFO  com.alibaba.nacos.common.labels - default nacos collect env raw labels: null
2025-12-28 21:52:33 [main] INFO  com.alibaba.nacos.common.labels - default nacos collect env labels: {}
2025-12-28 21:52:33 [main] INFO  com.alibaba.nacos.common.labels - DefaultLabelsCollectorManager get labels finished,labels :{}
2025-12-28 21:52:33 [main] INFO  c.a.n.p.a.s.c.ClientAuthPluginManager - [ClientAuthPluginManager] Load ClientAuthService com.alibaba.nacos.client.auth.impl.NacosClientAuthServiceImpl success.
2025-12-28 21:52:33 [main] INFO  c.a.n.p.a.s.c.ClientAuthPluginManager - [ClientAuthPluginManager] Load ClientAuthService com.alibaba.nacos.client.auth.ram.RamClientAuthServiceImpl success.
2025-12-28 21:52:33 [main] INFO  c.a.n.c.c.i.LocalConfigInfoProcessor - LOCAL_SNAPSHOT_PATH:C:\Users\24148\nacos\config
2025-12-28 21:52:33 [main] INFO  c.alibaba.nacos.common.remote.client - [RpcClientFactory] create a new rpc client of 42bb3726-4236-4638-8289-84765e416a76_config-0
2025-12-28 21:52:33 [main] INFO  c.alibaba.nacos.common.remote.client - [42bb3726-4236-4638-8289-84765e416a76_config-0] Register server push request handler:com.alibaba.nacos.client.config.impl.ClientWorker$ConfigRpcTransportClient$$Lambda$549/0x0000000800f13570
2025-12-28 21:52:33 [main] INFO  c.alibaba.nacos.common.remote.client - [42bb3726-4236-4638-8289-84765e416a76_config-0] Register server push request handler:com.alibaba.nacos.client.config.impl.ClientWorker$ConfigRpcTransportClient$$Lambda$550/0x0000000800f13990
2025-12-28 21:52:33 [main] INFO  c.alibaba.nacos.common.remote.client - [42bb3726-4236-4638-8289-84765e416a76_config-0] Registry connection listener to current client:com.alibaba.nacos.client.config.impl.ClientWorker$ConfigRpcTransportClient$1
2025-12-28 21:52:33 [main] INFO  c.alibaba.nacos.common.remote.client - [42bb3726-4236-4638-8289-84765e416a76_config-0] RpcClient init, ServerListFactory = com.alibaba.nacos.client.config.impl.ClientWorker$ConfigRpcTransportClient$2
2025-12-28 21:52:33 [main] INFO  c.alibaba.nacos.common.remote.client - [42bb3726-4236-4638-8289-84765e416a76_config-0] Try to connect to server on start up, server: {serverIp = '127.0.0.1', server main port = 8848}
2025-12-28 21:52:33 [main] INFO  c.a.n.c.r.client.grpc.GrpcClient - grpc client connection server:127.0.0.1 ip,serverPort:9848,grpcTslConfig:{"sslProvider":"","enableTls":false,"mutualAuthEnable":false,"trustAll":false}
2025-12-28 21:52:35 [main] INFO  c.a.n.c.a.AbstractAbilityControlManager - Ready to get current node abilities...
2025-12-28 21:52:35 [main] INFO  c.a.n.c.a.AbstractAbilityControlManager - Ready to initialize current node abilities, support modes: [SDK_CLIENT]
2025-12-28 21:52:35 [main] INFO  c.a.n.c.a.AbstractAbilityControlManager - Initialize current abilities finish...
2025-12-28 21:52:35 [main] INFO  c.a.n.c.a.d.NacosAbilityManagerHolder - [AbilityControlManager] Successfully initialize AbilityControlManager
2025-12-28 21:52:35 [main] INFO  c.alibaba.nacos.common.remote.client - [42bb3726-4236-4638-8289-84765e416a76_config-0] Success to connect to server [127.0.0.1:8848] on start up, connectionId = 1766929955322_127.0.0.1_54064
2025-12-28 21:52:35 [com.alibaba.nacos.client.remote.worker.0] INFO  c.alibaba.nacos.common.remote.client - [42bb3726-4236-4638-8289-84765e416a76_config-0] Notify connected event to listeners.
2025-12-28 21:52:35 [main] INFO  c.alibaba.nacos.common.remote.client - [42bb3726-4236-4638-8289-84765e416a76_config-0] Register server push request handler:com.alibaba.nacos.common.remote.client.RpcClient$ConnectResetRequestHandler
2025-12-28 21:52:35 [com.alibaba.nacos.client.remote.worker.0] INFO  c.a.n.c.config.impl.ClientWorker - [42bb3726-4236-4638-8289-84765e416a76_config-0] Connected,notify listen context...
2025-12-28 21:52:35 [main] INFO  c.alibaba.nacos.common.remote.client - [42bb3726-4236-4638-8289-84765e416a76_config-0] Register server push request handler:com.alibaba.nacos.common.remote.client.RpcClient$$Lambda$572/0x000000080105bee0
2025-12-28 21:52:35 [main] INFO  c.a.nacos.client.config.impl.Limiter - limitTime:5.0
2025-12-28 21:52:35 [main] WARN  c.a.c.n.c.NacosPropertySourceBuilder - Ignore the empty nacos configuration and get it based on dataId[learning] & group[DEFAULT_GROUP]
2025-12-28 21:52:35 [main] WARN  c.a.c.n.c.NacosPropertySourceBuilder - Ignore the empty nacos configuration and get it based on dataId[learning.properties] & group[DEFAULT_GROUP]
2025-12-28 21:52:35 [main] INFO  o.s.c.b.c.PropertySourceBootstrapConfiguration - Located property source: [BootstrapPropertySource {name='bootstrapProperties-learning.properties,DEFAULT_GROUP'}, BootstrapPropertySource {name='bootstrapProperties-learning,DEFAULT_GROUP'}]
2025-12-28 21:52:35 [main] INFO  c.e.learning.LearningApplication - No active profile set, falling back to 1 default profile: "default"
2025-12-28 21:52:36 [main] INFO  o.s.d.r.c.RepositoryConfigurationDelegate - Multiple Spring Data modules found, entering strict repository configuration mode
2025-12-28 21:52:36 [main] INFO  o.s.d.r.c.RepositoryConfigurationDelegate - Bootstrapping Spring Data JDBC repositories in DEFAULT mode.
2025-12-28 21:52:36 [main] INFO  o.s.d.r.c.RepositoryConfigurationDelegate - Finished Spring Data repository scanning in 10 ms. Found 0 JDBC repository interfaces.
2025-12-28 21:52:36 [main] INFO  o.s.d.r.c.RepositoryConfigurationDelegate - Multiple Spring Data modules found, entering strict repository configuration mode
2025-12-28 21:52:36 [main] INFO  o.s.d.r.c.RepositoryConfigurationDelegate - Bootstrapping Spring Data JPA repositories in DEFAULT mode.
2025-12-28 21:52:36 [main] INFO  o.s.d.r.c.RepositoryConfigurationDelegate - Finished Spring Data repository scanning in 8 ms. Found 0 JPA repository interfaces.
2025-12-28 21:52:36 [main] WARN  o.s.b.w.s.c.AnnotationConfigServletWebServerApplicationContext - Exception encountered during context initialization - cancelling refresh attempt: java.lang.IllegalArgumentException: Invalid value type for attribute 'factoryBeanObjectType': java.lang.String
2025-12-28 21:52:36 [main] INFO  o.s.b.a.l.ConditionEvaluationReportLogger - 

Error starting ApplicationContext. To display the condition evaluation report re-run your application with 'debug' enabled.
2025-12-28 21:52:36 [main] ERROR o.s.boot.SpringApplication - Application run failed
java.lang.IllegalArgumentException: Invalid value type for attribute 'factoryBeanObjectType': java.lang.String
	at org.springframework.beans.factory.support.FactoryBeanRegistrySupport.getTypeForFactoryBeanFromAttributes(FactoryBeanRegistrySupport.java:86)
	at org.springframework.beans.factory.support.AbstractAutowireCapableBeanFactory.getTypeForFactoryBean(AbstractAutowireCapableBeanFactory.java:838)
	at org.springframework.beans.factory.support.AbstractBeanFactory.isTypeMatch(AbstractBeanFactory.java:620)
	at org.springframework.beans.factory.support.DefaultListableBeanFactory.doGetBeanNamesForType(DefaultListableBeanFactory.java:573)
	at org.springframework.beans.factory.support.DefaultListableBeanFactory.getBeanNamesForType(DefaultListableBeanFactory.java:532)
	at org.springframework.context.support.PostProcessorRegistrationDelegate.invokeBeanFactoryPostProcessors(PostProcessorRegistrationDelegate.java:138)
	at org.springframework.context.support.AbstractApplicationContext.invokeBeanFactoryPostProcessors(AbstractApplicationContext.java:775)
	at org.springframework.context.support.AbstractApplicationContext.refresh(AbstractApplicationContext.java:597)
	at org.springframework.boot.web.servlet.context.ServletWebServerApplicationContext.refresh(ServletWebServerApplicationContext.java:146)
	at org.springframework.boot.SpringApplication.refresh(SpringApplication.java:753)
	at org.springframework.boot.SpringApplication.refreshContext(SpringApplication.java:455)
	at org.springframework.boot.SpringApplication.run(SpringApplication.java:323)
	at org.springframework.boot.SpringApplication.run(SpringApplication.java:1342)
	at org.springframework.boot.SpringApplication.run(SpringApplication.java:1331)
	at com.example.learning.LearningApplication.main(LearningApplication.java:11)
2025-12-28 21:52:36 [Thread-5] WARN  c.a.nacos.common.notify.NotifyCenter - [NotifyCenter] Start destroying Publisher
2025-12-28 21:52:36 [Thread-5] WARN  c.a.nacos.common.notify.NotifyCenter - [NotifyCenter] Destruction of the end
2025-12-28 21:52:36 [Thread-2] WARN  c.a.n.c.http.HttpClientBeanHolder - [HttpClientBeanHolder] Start destroying common HttpClient
2025-12-28 21:52:36 [Thread-2] WARN  c.a.n.c.http.HttpClientBeanHolder - [HttpClientBeanHolder] Destruction of the end
